{"context":"PRISMA","level":"warn","message":"URL protocol check failed","protocol":"CHANGE_ME_your_mongodb_connection_string?maxPoolSize=50","timestamp":"2026-04-02 22:57:50.265 +05:30"}
{"context":"ENV_VALIDATOR","level":"warn","message":"DATABASE_URL still has placeholder value. Set a real value before running.","timestamp":"2026-04-02 22:57:50.699 +05:30"}
{"context":"ENV_VALIDATOR","level":"warn","message":"JWT_SECRET still has placeholder value. Set a real value before running.","timestamp":"2026-04-02 22:57:50.699 +05:30"}
{"context":"ENV_VALIDATOR","level":"warn","message":"INSTAGRAM_APP_SECRET still has placeholder value. Set a real value before running.","timestamp":"2026-04-02 22:57:50.699 +05:30"}
{"context":"ENV_VALIDATOR","level":"warn","message":"META_WEBHOOK_VERIFY_TOKEN still has placeholder value. Set a real value before running.","timestamp":"2026-04-02 22:57:50.699 +05:30"}
{"context":"ENV_VALIDATOR","level":"warn","message":"OPENAI_API_KEY still has placeholder value. Set a real value before running.","timestamp":"2026-04-02 22:57:50.699 +05:30"}
{"context":"ENV_VALIDATOR","level":"warn","message":"ADMIN_SECRET_KEY still has placeholder value. Set a real value before running.","timestamp":"2026-04-02 22:57:50.699 +05:30"}
{"context":"ENV_VALIDATOR","level":"warn","message":"GOOGLE_CLIENT_ID still has placeholder value. Set a real value before running.","timestamp":"2026-04-02 22:57:50.699 +05:30"}
{"context":"ENV_VALIDATOR","level":"warn","message":"TOKEN_ENCRYPTION_SECRET still has placeholder value. Set a real value before running.","timestamp":"2026-04-02 22:57:50.699 +05:30"}
{"context":"ENV_VALIDATOR","level":"warn","message":"Missing optional feature variables: AWS_ACCESS_KEY_ID, AWS_SECRET_ACCESS_KEY, AWS_REGION, AWS_S3_BUCKET_NAME, FACEBOOK_APP_ID, FACEBOOK_APP_SECRET, REDIS_URL. Some features will be disabled.","timestamp":"2026-04-02 22:57:50.699 +05:30"}
{"context":"ENV_VALIDATOR","level":"info","message":"TIP: REDIS_URL is missing. BullMQ and Caching will use localhost:6379.","timestamp":"2026-04-02 22:57:50.699 +05:30"}
{"context":"SERVER","error":"Invalid scheme, expected connection string to start with \"mongodb://\" or \"mongodb+srv://\"","level":"error","message":"Mongoose connection error:","timestamp":"2026-04-02 22:57:51.908 +05:30"}
node.exe : FAIL tests/security.test.js
At line:1 char:1
+ & "C:\Program Files\nodejs/node.exe" "C:\Program 
Files\nodejs/node_mo ...
+ ~~~~~~~~~~~~~~~~~~~~~~~~~~~~~~~~~~~~~~~~~~~~~~~~~~~~~~~
~~~~~~~~~~~~~~
    + CategoryInfo          : NotSpecified: (FAIL tests/ 
   security.test.js:String) [], RemoteException
    + FullyQualifiedErrorId : NativeCommandError
 
  ΓùÅ Test suite failed to run

    Jest encountered an unexpected token

    Jest failed to parse a file. This happens e.g. when 
your code or its dependencies use non-standard 
JavaScript syntax, or when Jest is not configured to 
support such syntax.

    Out of the box Jest supports Babel, which will be 
used to transform your files into valid JS based on your 
Babel configuration.

    By default "node_modules" folder is ignored by 
transformers.

    Here's what you can do:
     ΓÇó If you are trying to use ECMAScript Modules, 
see https://jestjs.io/docs/ecmascript-modules for how to 
enable it.
     ΓÇó If you are trying to use TypeScript, see 
https://jestjs.io/docs/getting-started#using-typescript
     ΓÇó To have some of your "node_modules" files 
transformed, you can specify a custom 
"transformIgnorePatterns" in your config.
     ΓÇó If you need a custom transformation, specify a 
"transform" option in your config.
     ΓÇó If you simply want to mock your non-JS modules 
(e.g. binary assets) you can stub them out with the 
"moduleNameMapper" config option.

    You'll find more details and examples of these 
config options in the docs:
    https://jestjs.io/docs/configuration
    For information about custom transformations, see:
    https://jestjs.io/docs/code-transformation

    Details:

    C:\projects\CloraAI\backend\node_modules\uuid\dist-no
de\index.js:1
    export { default as MAX } from './max.js';
    ^^^^^^

    SyntaxError: Unexpected token 'export'

    [0m [90m 11 |[39m [36mconst[39m fs [33m=[39m 
require([32m'fs'[39m)[33m;[39m
     [90m 12 |[39m [36mconst[39m path [33m=[39m 
require([32m'path'[39m)[33m;[39m
    [31m[1m>[22m[39m[90m 13 |[39m [36mconst[39m 
{ v4[33m:[39m uuidv4 } [33m=[39m 
require([32m'uuid'[39m)[33m;[39m
     [90m    |[39m                        
[31m[1m^[22m[39m
     [90m 14 |[39m [36mconst[39m prisma [33m=[39m 
require([32m'../lib/prisma'[39m)[33m;[39m
     [90m 15 |[39m [36mconst[39m { notifyPostSuccess 
} [33m=[39m require([32m'../services/pushNotificationS
ervice'[39m)[33m;[39m
     [90m 16 |[39m [36mconst[39m { 
instagramQueue[33m,[39m enqueueJob } [33m=[39m 
require([32m'../utils/queue'[39m)[33m;[39m[0m

      at Runtime.createScriptFromCode 
(node_modules/jest-runtime/build/index.js:1318:40)
      at Object.require 
(src/controllers/instagramController.js:13:24)
      at Object.require (src/routes/auth.js:5:29)
      at Object.require (server.js:60:20)
      at Object.require (tests/security.test.js:2:13)

Test Suites: 1 failed, 1 total
Tests:       0 total
Snapshots:   0 total
Time:        2.148 s
Ran all test suites matching tests/security.test.js.
Jest did not exit one second after the test run has 
completed.

'This usually means that there are asynchronous 
operations that weren't stopped in your tests. Consider 
running Jest with `--detectOpenHandles` to troubleshoot 
this issue.
{"context":"MAIL","error":"Invalid login: 535-5.7.8 Username and Password not accepted. For more information, go to\n535 5.7.8  https://support.google.com/mail/?p=BadCredentials d9443c01a7336-2b2749bd774sm35230085ad.70 - gsmtp","level":"error","message":"Nodemailer configuration error","timestamp":"2026-04-02 22:57:53.251 +05:30"}
